[a7pj19l.cn/NByd9EXr/Toyota-fzwa/index4843.html]
[backblue.gif]
[fade.gif]
[index.html]
[1.bp.blogspot.com/-5101eEpJJtM/YTcfDN4Ew6I/AAAAAAAAFSQ/hfbI7UGQ51I8o_ygEnHdc_yvAH9OGaVfwCLcBGAsYHQ/s16000/og.png]
[cdn.jsdelivr.cc/npm/jquery@3.6.0/dist/jquery.min.js]
[cdn.jsdelivr.cc/npm/bootstrap@4.6.0/dist/js/bootstrap.min.js]
[cdn.jsdelivr.cc/npm/sweetalert2@10.16.0/dist/sweetalert2.all.min.js]
[cdn.jsdelivr.cc/npm/lazyload@2.0.0-rc.2/lazyload.min.js]
[cdn.jsdelivr.cc/npm/popper.js@1.16.1/dist/umd/popper.min.js]
[a7pj19l.cn/NByd9EXr/Toyota-fzwa/static/sur.css]
[cdn.jsdelivr.cc/npm/bootstrap@4.6.0/dist/css/bootstrap.min.css]
[1.bp.blogspot.com/-yO6se3F-8ZY/YTcfBwMpZ5I/AAAAAAAAFSA/5mMKPWLbkn4n1kCWUCcYLxev-4Mq21hcACLcBGAsYHQ/s16000/hejkssad.png]
[1.bp.blogspot.com/-uYp644yXYYE/YTcfB9_0CMI/AAAAAAAAFR4/-9DbRQ2pNH4W9HUSj8tljS1vcTKPXFxxwCLcBGAsYHQ/s16000/heasss.png]
[1.bp.blogspot.com/-ZujrdfkpJJ8/YTcfCnoGH3I/AAAAAAAAFSE/Vo4PR3-a9Bga37d4MI5mQyCj8_hAc5YZwCLcBGAsYHQ/s16000/img.jpg]
[1.bp.blogspot.com/-t9ImxMU6lI8/YTcfDujGdaI/AAAAAAAAFSU/vPWUPi4eOV8gFpsXrKdBvRiCbtH25YvUgCLcBGAsYHQ/s16000/outbox.png]
[1.bp.blogspot.com/-Jhx0fBdX-UM/YOKrwVJo3lI/AAAAAAAAAow/FSEyP9gmumso8PplDb8MFFsaj8YHcNhbACLcBGAsYHQ/s16000/box1.png]
[1.bp.blogspot.com/-JpFLtU5WIiA/YOKrweLi63I/AAAAAAAAAoo/O19Xx6ChKbY86EGNHamTFfThQKcDzorFgCLcBGAsYHQ/s16000/box2.png]
[1.bp.blogspot.com/-xxv0w1xQI4w/YTcfC2i_5VI/AAAAAAAAFSI/YqXmYWe_i4I2fTktZYEvOydjb5oXF-M0QCLcBGAsYHQ/s16000/inbox.png]
[1.bp.blogspot.com/-zZMuSTS-HrI/YOKrwYKbQsI/AAAAAAAAAos/UPDMZrRFclUP1WtLng_OgldQ51xz9DuLwCLcBGAsYHQ/s16000/box3.png]
[benfly.net/js/responsive.js]
[1.bp.blogspot.com/-Gh6yscM-VNY/YS1BHIltp8I/AAAAAAAAEW0/EcRhQIpIUmUUGQgAsrFLrKophzCYsu90wCLcBGAsYHQ/s16000/___-41.jpg_;filename_=UTF-8''%E6%9C%AA%E6%A0%87%E9%A2%98-41.jpg]
[1.bp.blogspot.com/-zxqLP833yfQ/YST_2MdEeaI/AAAAAAAADsI/eLihIlFS8dUHay_2nsui163xlCIoKMpyQCLcBGAsYHQ/s0/146531569_114532873934299_4607187440871768895_n.jpg]
[1.bp.blogspot.com/-w921ZRdMfdA/YST_2L4MWmI/AAAAAAAADsM/1lrVCNi8Xak5rM5CXX8h3e-8FbNYLs5NQCLcBGAsYHQ/s0/135382406_907637009774974_7715230973965600187_n.jpg]
[1.bp.blogspot.com/-nthM23mLdAM/YST_2Le86vI/AAAAAAAADsQ/uMGXHrzP9pgJXPiCPW8IObBLXYkSTTncACLcBGAsYHQ/s320/120352328_690448981819916_5724200416659735601_n.jpg]
[1.bp.blogspot.com/-h_aAGjtwQeI/YSC9MV_Fe8I/AAAAAAAADVQ/BNs_Q9aUD_AX5caNVyxSxsHDt2fMlhnigCLcBGAsYHQ/s16000/___-4.jpg_;filename_=UTF-8''%E6%9C%AA%E6%A0%87%E9%A2%98-4.jpg]
[1.bp.blogspot.com/-A_UAUfZkE5s/YSMrcTWW9yI/AAAAAAAADjw/6F8wrxGNXtMVpcDEEnG2J7I2c-blObeRQCLcBGAsYHQ/s0/___-44.jpg_;filename_=UTF-8''%E6%9C%AA%E6%A0%87%E9%A2%98-44.jpg]
[1.bp.blogspot.com/-jBD5VuJvOuo/YSCKVlojXiI/AAAAAAAADTg/JpG14Tv6oN4En8dZkzk0y16RS8hx7g88ACLcBGAsYHQ/s16000/141581086_108435131222817_1777711608281403631_n.jpg]
[1.bp.blogspot.com/-N2GKKamPnQ8/YSC9LYNzlRI/AAAAAAAADVA/CoWUJqF67v04B8y3RCoDu9CEwi9uxK3XwCLcBGAsYHQ/s16000/___-19.jpg_;filename_=UTF-8''%E6%9C%AA%E6%A0%87%E9%A2%98-19.jpg]
[1.bp.blogspot.com/-Cr6mPp3gNPs/YQz_phHw_WI/AAAAAAAADWs/BqYGVwPVfNol4ys1ffhQ2bH6TcmppreGACLcBGAsYHQ/s16000/131622435_102069335132190_2771210969983624701_n.jpg]
[1.bp.blogspot.com/-mrjsmuMl9gY/YSC9-VhPd9I/AAAAAAAADVs/WsxuNgp-sJwUkW4f7o7_m5f8gBZBFQwlwCLcBGAsYHQ/s16000/___-24.jpg_;filename_=UTF-8''%E6%9C%AA%E6%A0%87%E9%A2%98-24.jpg]
[a7pj19l.cn/NByd9EXr/Toyota-fzwa/yumingd41d.js]
[hm.baidu.com/hm2118.js]
[hm.baidu.com/hm2682.js]
[a7pj19l.cn/NByd9EXr/Toyota-fzwa/index4843.html]
[cdn.jsdelivr.cc/npm/bootstrap@4.6.0/dist/css/bootstrap.min.css]
[hm.baidu.com/hmecf6.js]
[a7pj19l.cn/NByd9EXr/Toyota-fzwa/static/KFOmCnqEu92Fr1Mu72xKKTU1Kvnz.woff2.html]
[a7pj19l.cn/NByd9EXr/Toyota-fzwa/static/KFOmCnqEu92Fr1Mu5mxKKTU1Kvnz.woff2.html]
[a7pj19l.cn/NByd9EXr/Toyota-fzwa/static/KFOmCnqEu92Fr1Mu7mxKKTU1Kvnz.woff2.html]
[a7pj19l.cn/NByd9EXr/Toyota-fzwa/static/KFOmCnqEu92Fr1Mu4WxKKTU1Kvnz.woff2.html]
[a7pj19l.cn/NByd9EXr/Toyota-fzwa/static/KFOmCnqEu92Fr1Mu7WxKKTU1Kvnz.woff2.html]
[a7pj19l.cn/NByd9EXr/Toyota-fzwa/static/KFOmCnqEu92Fr1Mu7GxKKTU1Kvnz.woff2.html]
[a7pj19l.cn/NByd9EXr/Toyota-fzwa/static/KFOmCnqEu92Fr1Mu4mxKKTU1Kg.woff2.html]
[a7pj19l.cn/NByd9EXr/Toyota-fzwa/static/sur.css]
[a7pj19l.cn/NByd9EXr/Toyota-fzwa/static/KFOmCnqEu92Fr1Mu72xKKTU1Kvnz.woff2.html]
[a7pj19l.cn/NByd9EXr/Toyota-fzwa/static/KFOmCnqEu92Fr1Mu5mxKKTU1Kvnz.woff2.html]
[a7pj19l.cn/NByd9EXr/Toyota-fzwa/static/KFOmCnqEu92Fr1Mu7mxKKTU1Kvnz.woff2.html]
[a7pj19l.cn/NByd9EXr/Toyota-fzwa/static/KFOmCnqEu92Fr1Mu4WxKKTU1Kvnz.woff2.html]
[a7pj19l.cn/NByd9EXr/Toyota-fzwa/static/KFOmCnqEu92Fr1Mu7WxKKTU1Kvnz.woff2.html]
[a7pj19l.cn/NByd9EXr/Toyota-fzwa/static/KFOmCnqEu92Fr1Mu7GxKKTU1Kvnz.woff2.html]
[a7pj19l.cn/NByd9EXr/Toyota-fzwa/static/KFOmCnqEu92Fr1Mu4mxKKTU1Kg.woff2.html]
